<html>
<body>
<pre>
<h1>礦ision Build Log</h1>
<h2>Tool Versions:</h2>
IDE-Version: μVision V5.38.0.0
Copyright (C) 2022 ARM Ltd and ARM Germany GmbH. All rights reserved.
License Information: Rita 2321891943@qq.com, 1, LIC=65ISZ-J9G72-BS6YX-H8ECI-SC4LH-EQJ8D
 
Tool Versions:
Toolchain:       MDK-ARM Plus  Version: 5.38.0.0
Toolchain Path:  D:\ProgramFile\MDK\Core\ARM\ARMCC\Bin
C Compiler:      Armcc.exe V5.06 update 7 (build 960)
Assembler:       Armasm.exe V5.06 update 7 (build 960)
Linker/Locator:  ArmLink.exe V5.06 update 7 (build 960)
Library Manager: ArmAr.exe V5.06 update 7 (build 960)
Hex Converter:   FromElf.exe V5.06 update 7 (build 960)
CPU DLL:         SARMCM3.DLL V5.38.0.0
Dialog DLL:      DCM.DLL V1.17.5.0
Target DLL:      Segger\JL2CM3.dll V2.99.42.0
Dialog DLL:      TCM.DLL V1.56.4.0
 
<h2>Project:</h2>
C:\Users\23218\OneDrive\桌面\嵌入式\立芯代码部分\第二阶段\2\09_Key_LED_Bridge_Pattern (2)\MDK-ARM\09_Key_LED_Bridge_Pattern.uvprojx
Project File Date:  06/17/2026

<h2>Output:</h2>
*** Using Compiler 'V5.06 update 7 (build 960)', folder: 'D:\ProgramFile\MDK\Core\ARM\ARMCC\Bin'
Build target 'KEY_LED_Bridge_Pattern'
assembling startup_stm32f411xe.s...
compiling stm32f4xx_hal_pwr.c...
compiling stm32f4xx_hal_flash_ramfunc.c...
compiling stm32f4xx_hal_msp.c...
compiling usart.c...
compiling stm32f4xx_hal_flash.c...
compiling gpio.c...
compiling stm32f4xx_hal_timebase_tim.c...
compiling freertos.c...
..\BSP\led\handler\inc\bsp_led_handler.h(65): warning:  #66-D: enumeration value is out of "int" range
      LED_NOT_INITIALIZED = 0xFFFFFFFF /* LED Run-time error without cas      */
../Core/Src/freertos.c(92): warning:  #550-D: variable "ret"  was set but never used
    led_status_t ret = LED_OK;
../Core/Src/freertos.c(115): warning:  #188-D: enumerated type mixed with another type
      return LED_OK;
../Core/Src/freertos.c(119): warning:  #144-D: a value of type "led_handler_status_t (*)(const uint32_t)" cannot be used to initialize an entity of type "led_status_t (*)(const uint32_t)"
     .pf_os_delay_ms = os_delay_ms_hanler_1
../Core/Src/freertos.c(160): warning:  #188-D: enumerated type mixed with another type
      ret = xQueueSend(queue_handler, item , timeout);
../Core/Src/freertos.c(186): warning:  #188-D: enumerated type mixed with another type
      ret = xQueueReceive(queue_handler, msg , timeout);
../Core/Src/freertos.c(199): warning:  #177-D: variable "ret"  was declared but never referenced
      led_handler_status_t ret = HANDLER_OK;
../Core/Src/freertos.c(247): warning:  #940-D: missing return statement at end of non-void function "get_time_ms_handler1" 
  }
../Core/Src/freertos.c(270): warning:  #550-D: variable "ret1"  was set but never used
      led_status_t ret1 = LED_OK;
../Core/Src/freertos.c: 9 warnings, 0 errors
compiling stm32f4xx_hal_rcc_ex.c...
compiling stm32f4xx_hal_gpio.c...
compiling stm32f4xx_it.c...
compiling main.c...
compiling stm32f4xx_hal_flash_ex.c...
compiling stm32f4xx_hal_dma.c...
compiling stm32f4xx_hal_dma_ex.c...
compiling croutine.c...
compiling stm32f4xx_hal_rcc.c...
compiling list.c...
compiling event_groups.c...
compiling stream_buffer.c...
compiling timers.c...
compiling queue.c...
compiling tasks.c...
compiling heap_4.c...
compiling bsp_led_handler.c...
..\BSP\led\handler\inc\bsp_led_handler.h(65): warning:  #66-D: enumeration value is out of "int" range
      LED_NOT_INITIALIZED = 0xFFFFFFFF /* LED Run-time error without cas      */
..\BSP\led\handler\src\bsp_led_handler.c(110): warning:  #188-D: enumerated type mixed with another type
          *index = self->instances.led_instance_num;
..\BSP\led\handler\src\bsp_led_handler.c: 2 warnings, 0 errors
compiling bsp_led_driver.c...
..\BSP\led\driver\src\bsp_led_driver.c(163): warning:  #186-D: pointless comparison of unsigned integer with zero
             ((PROPORTIONN_1_3 <= proportion)       &&  
..\BSP\led\driver\src\bsp_led_driver.c: 1 warning, 0 errors
compiling port.c...
compiling stm32f4xx_hal_cortex.c...
compiling system_stm32f4xx.c...
compiling stm32f4xx_hal_exti.c...
compiling stm32f4xx_hal.c...
compiling stm32f4xx_hal_pwr_ex.c...
compiling stm32f4xx_hal_tim_ex.c...
compiling stm32f4xx_hal_uart.c...
compiling cmsis_os2.c...
compiling stm32f4xx_hal_tim.c...
linking...
Program Size: Code=14556 RO-data=512 RW-data=200 ZI-data=19808  
FromELF: creating hex file...
".\09_Key_LED_Bridge_Pattern.axf" - 0 Error(s), 12 Warning(s).

<h2>Software Packages used:</h2>

Package Vendor: ARM
                http://www.keil.com/pack/ARM.CMSIS.5.9.0.pack
                ARM.CMSIS.5.9.0
                CMSIS (Common Microcontroller Software Interface Standard)
   * Component: CORE Version: 5.6.0

Package Vendor: Keil
                https://www.keil.com/pack/Keil.STM32F4xx_DFP.2.17.1.pack
                Keil.STM32F4xx_DFP.2.17.1
                STMicroelectronics STM32F4 Series Device Support, Drivers and Examples

<h2>Collection of Component include folders:</h2>
  ./RTE/_KEY_LED_Bridge_Pattern
  D:/ProgramFile/MDK/Packs/ARM/CMSIS/5.9.0/CMSIS/Core/Include
  D:/ProgramFile/MDK/Packs/Keil/STM32F4xx_DFP/2.17.1/Drivers/CMSIS/Device/ST/STM32F4xx/Include

<h2>Collection of Component Files used:</h2>

   * Component: ARM::CMSIS:CORE:5.6.0
      Include file:  CMSIS/Core/Include/tz_context.h
Build Time Elapsed:  00:00:06
</pre>
</body>
</html>
